Archive member included to satisfy reference by file (symbol)

c:/st/stm32cubeide_1.4.0/stm32cubeide/plugins/com.st.stm32cube.ide.mcu.externaltools.gnu-tools-for-stm32.7-2018-q2-update.win32_1.4.0.202007081208/tools/bin/../lib/gcc/arm-none-eabi/7.3.1/../../../../arm-none-eabi/lib/thumb/v7-m\libc_nano.a(lib_a-errno.o)
                              Src/syscalls.o (__errno)
c:/st/stm32cubeide_1.4.0/stm32cubeide/plugins/com.st.stm32cube.ide.mcu.externaltools.gnu-tools-for-stm32.7-2018-q2-update.win32_1.4.0.202007081208/tools/bin/../lib/gcc/arm-none-eabi/7.3.1/../../../../arm-none-eabi/lib/thumb/v7-m\libc_nano.a(lib_a-exit.o)
                              c:/st/stm32cubeide_1.4.0/stm32cubeide/plugins/com.st.stm32cube.ide.mcu.externaltools.gnu-tools-for-stm32.7-2018-q2-update.win32_1.4.0.202007081208/tools/bin/../lib/gcc/arm-none-eabi/7.3.1/../../../../arm-none-eabi/lib/thumb/v7-m/crt0.o (exit)
c:/st/stm32cubeide_1.4.0/stm32cubeide/plugins/com.st.stm32cube.ide.mcu.externaltools.gnu-tools-for-stm32.7-2018-q2-update.win32_1.4.0.202007081208/tools/bin/../lib/gcc/arm-none-eabi/7.3.1/../../../../arm-none-eabi/lib/thumb/v7-m\libc_nano.a(lib_a-impure.o)
                              c:/st/stm32cubeide_1.4.0/stm32cubeide/plugins/com.st.stm32cube.ide.mcu.externaltools.gnu-tools-for-stm32.7-2018-q2-update.win32_1.4.0.202007081208/tools/bin/../lib/gcc/arm-none-eabi/7.3.1/../../../../arm-none-eabi/lib/thumb/v7-m\libc_nano.a(lib_a-exit.o) (_global_impure_ptr)
c:/st/stm32cubeide_1.4.0/stm32cubeide/plugins/com.st.stm32cube.ide.mcu.externaltools.gnu-tools-for-stm32.7-2018-q2-update.win32_1.4.0.202007081208/tools/bin/../lib/gcc/arm-none-eabi/7.3.1/../../../../arm-none-eabi/lib/thumb/v7-m\libc_nano.a(lib_a-init.o)
                              c:/st/stm32cubeide_1.4.0/stm32cubeide/plugins/com.st.stm32cube.ide.mcu.externaltools.gnu-tools-for-stm32.7-2018-q2-update.win32_1.4.0.202007081208/tools/bin/../lib/gcc/arm-none-eabi/7.3.1/../../../../arm-none-eabi/lib/thumb/v7-m/crt0.o (__libc_init_array)
c:/st/stm32cubeide_1.4.0/stm32cubeide/plugins/com.st.stm32cube.ide.mcu.externaltools.gnu-tools-for-stm32.7-2018-q2-update.win32_1.4.0.202007081208/tools/bin/../lib/gcc/arm-none-eabi/7.3.1/../../../../arm-none-eabi/lib/thumb/v7-m\libc_nano.a(lib_a-memcpy-stub.o)
                              Third_Party/FreeRTOS/org/Source/queue.o (memcpy)
c:/st/stm32cubeide_1.4.0/stm32cubeide/plugins/com.st.stm32cube.ide.mcu.externaltools.gnu-tools-for-stm32.7-2018-q2-update.win32_1.4.0.202007081208/tools/bin/../lib/gcc/arm-none-eabi/7.3.1/../../../../arm-none-eabi/lib/thumb/v7-m\libc_nano.a(lib_a-memset.o)
                              c:/st/stm32cubeide_1.4.0/stm32cubeide/plugins/com.st.stm32cube.ide.mcu.externaltools.gnu-tools-for-stm32.7-2018-q2-update.win32_1.4.0.202007081208/tools/bin/../lib/gcc/arm-none-eabi/7.3.1/../../../../arm-none-eabi/lib/thumb/v7-m/crt0.o (memset)
c:/st/stm32cubeide_1.4.0/stm32cubeide/plugins/com.st.stm32cube.ide.mcu.externaltools.gnu-tools-for-stm32.7-2018-q2-update.win32_1.4.0.202007081208/tools/bin/../lib/gcc/arm-none-eabi/7.3.1/thumb/v7-m\libgcc.a(_arm_addsubsf3.o)
                              hal/UltrasonicSensor/UltrasonicSensor.o (__aeabi_fsub)
c:/st/stm32cubeide_1.4.0/stm32cubeide/plugins/com.st.stm32cube.ide.mcu.externaltools.gnu-tools-for-stm32.7-2018-q2-update.win32_1.4.0.202007081208/tools/bin/../lib/gcc/arm-none-eabi/7.3.1/thumb/v7-m\libgcc.a(_arm_muldivsf3.o)
                              hal/UltrasonicSensor/UltrasonicSensor.o (__aeabi_fmul)
c:/st/stm32cubeide_1.4.0/stm32cubeide/plugins/com.st.stm32cube.ide.mcu.externaltools.gnu-tools-for-stm32.7-2018-q2-update.win32_1.4.0.202007081208/tools/bin/../lib/gcc/arm-none-eabi/7.3.1/thumb/v7-m\libgcc.a(_arm_fixsfsi.o)
                              Src/main.o (__aeabi_f2iz)

Allocating common symbols
Common symbol       size              file

Global_UART_Config  0x3c              drivers/STM32F103C6_USART_DRIVERS.o
GP_IRQ_CALLBACK     0x3c              drivers/EXTI_DRIVER.o
UART_MESSAGE        0x3               Src/main.o

Discarded input sections

 .text          0x0000000000000000        0x0 c:/st/stm32cubeide_1.4.0/stm32cubeide/plugins/com.st.stm32cube.ide.mcu.externaltools.gnu-tools-for-stm32.7-2018-q2-update.win32_1.4.0.202007081208/tools/bin/../lib/gcc/arm-none-eabi/7.3.1/thumb/v7-m/crti.o
 .data          0x0000000000000000        0x0 c:/st/stm32cubeide_1.4.0/stm32cubeide/plugins/com.st.stm32cube.ide.mcu.externaltools.gnu-tools-for-stm32.7-2018-q2-update.win32_1.4.0.202007081208/tools/bin/../lib/gcc/arm-none-eabi/7.3.1/thumb/v7-m/crti.o
 .bss           0x0000000000000000        0x0 c:/st/stm32cubeide_1.4.0/stm32cubeide/plugins/com.st.stm32cube.ide.mcu.externaltools.gnu-tools-for-stm32.7-2018-q2-update.win32_1.4.0.202007081208/tools/bin/../lib/gcc/arm-none-eabi/7.3.1/thumb/v7-m/crti.o
[...]
Memory Configuration

Name             Origin             Length             Attributes
RAM              0x0000000020000000 0x0000000000005000 xrw
ROM              0x0000000008000000 0x0000000000010000 xr
*default*        0x0000000000000000 0xffffffffffffffff

Linker script and memory map

LOAD c:/st/stm32cubeide_1.4.0/stm32cubeide/plugins/com.st.stm32cube.ide.mcu.externaltools.gnu-tools-for-stm32.7-2018-q2-update.win32_1.4.0.202007081208/tools/bin/../lib/gcc/arm-none-eabi/7.3.1/thumb/v7-m/crti.o
LOAD c:/st/stm32cubeide_1.4.0/stm32cubeide/plugins/com.st.stm32cube.ide.mcu.externaltools.gnu-tools-for-stm32.7-2018-q2-update.win32_1.4.0.202007081208/tools/bin/../lib/gcc/arm-none-eabi/7.3.1/thumb/v7-m/crtbegin.o
LOAD c:/st/stm32cubeide_1.4.0/stm32cubeide/plugins/com.st.stm32cube.ide.mcu.externaltools.gnu-tools-for-stm32.7-2018-q2-update.win32_1.4.0.202007081208/tools/bin/../lib/gcc/arm-none-eabi/7.3.1/../../../../arm-none-eabi/lib/thumb/v7-m/crt0.o
LOAD Src/main.o
LOAD Src/syscalls.o
LOAD Src/sysmem.o
LOAD Startup/startup_stm32f103c8tx.o
LOAD Third_Party/FreeRTOS/org/Source/croutine.o
LOAD Third_Party/FreeRTOS/org/Source/event_groups.o
LOAD Third_Party/FreeRTOS/org/Source/list.o
LOAD Third_Party/FreeRTOS/org/Source/queue.o
LOAD Third_Party/FreeRTOS/org/Source/stream_buffer.o
LOAD Third_Party/FreeRTOS/org/Source/tasks.o
LOAD Third_Party/FreeRTOS/org/Source/timers.o
LOAD Third_Party/FreeRTOS/org/Source/portable/GCC/ARM_CM3/port.o
LOAD Third_Party/FreeRTOS/org/Source/portable/MemMang/heap_4.o
LOAD drivers/EXTI_DRIVER.o
LOAD drivers/STM32F103C6_USART_DRIVERS.o
LOAD drivers/STM32_F103C6_GPIO_DRIVERS.o
LOAD drivers/STM32_F103C6_RCC_DRIVERS.o
LOAD drivers/Timer.o
LOAD hal/Buzzer/Buzzer.o
LOAD hal/DcMotor/DcMotor.o
LOAD hal/UltrasonicSensor/UltrasonicSensor.o
START GROUP
LOAD c:/st/stm32cubeide_1.4.0/stm32cubeide/plugins/com.st.stm32cube.ide.mcu.externaltools.gnu-tools-for-stm32.7-2018-q2-update.win32_1.4.0.202007081208/tools/bin/../lib/gcc/arm-none-eabi/7.3.1/../../../../arm-none-eabi/lib/thumb/v7-m\libc_nano.a
LOAD c:/st/stm32cubeide_1.4.0/stm32cubeide/plugins/com.st.stm32cube.ide.mcu.externaltools.gnu-tools-for-stm32.7-2018-q2-update.win32_1.4.0.202007081208/tools/bin/../lib/gcc/arm-none-eabi/7.3.1/../../../../arm-none-eabi/lib/thumb/v7-m\libm.a
END GROUP
START GROUP
LOAD c:/st/stm32cubeide_1.4.0/stm32cubeide/plugins/com.st.stm32cube.ide.mcu.externaltools.gnu-tools-for-stm32.7-2018-q2-update.win32_1.4.0.202007081208/tools/bin/../lib/gcc/arm-none-eabi/7.3.1/thumb/v7-m\libgcc.a
LOAD c:/st/stm32cubeide_1.4.0/stm32cubeide/plugins/com.st.stm32cube.ide.mcu.externaltools.gnu-tools-for-stm32.7-2018-q2-update.win32_1.4.0.202007081208/tools/bin/../lib/gcc/arm-none-eabi/7.3.1/../../../../arm-none-eabi/lib/thumb/v7-m\libg_nano.a
LOAD c:/st/stm32cubeide_1.4.0/stm32cubeide/plugins/com.st.stm32cube.ide.mcu.externaltools.gnu-tools-for-stm32.7-2018-q2-update.win32_1.4.0.202007081208/tools/bin/../lib/gcc/arm-none-eabi/7.3.1/../../../../arm-none-eabi/lib/thumb/v7-m\libc_nano.a
END GROUP
START GROUP
LOAD c:/st/stm32cubeide_1.4.0/stm32cubeide/plugins/com.st.stm32cube.ide.mcu.externaltools.gnu-tools-for-stm32.7-2018-q2-update.win32_1.4.0.202007081208/tools/bin/../lib/gcc/arm-none-eabi/7.3.1/thumb/v7-m\libgcc.a
LOAD c:/st/stm32cubeide_1.4.0/stm32cubeide/plugins/com.st.stm32cube.ide.mcu.externaltools.gnu-tools-for-stm32.7-2018-q2-update.win32_1.4.0.202007081208/tools/bin/../lib/gcc/arm-none-eabi/7.3.1/../../../../arm-none-eabi/lib/thumb/v7-m\libc_nano.a
LOAD c:/st/stm32cubeide_1.4.0/stm32cubeide/plugins/com.st.stm32cube.ide.mcu.externaltools.gnu-tools-for-stm32.7-2018-q2-update.win32_1.4.0.202007081208/tools/bin/../lib/gcc/arm-none-eabi/7.3.1/../../../../arm-none-eabi/lib/thumb/v7-m\libnosys.a
END GROUP
START GROUP
LOAD c:/st/stm32cubeide_1.4.0/stm32cubeide/plugins/com.st.stm32cube.ide.mcu.externaltools.gnu-tools-for-stm32.7-2018-q2-update.win32_1.4.0.202007081208/tools/bin/../lib/gcc/arm-none-eabi/7.3.1/thumb/v7-m\libgcc.a
LOAD c:/st/stm32cubeide_1.4.0/stm32cubeide/plugins/com.st.stm32cube.ide.mcu.externaltools.gnu-tools-for-stm32.7-2018-q2-update.win32_1.4.0.202007081208/tools/bin/../lib/gcc/arm-none-eabi/7.3.1/../../../../arm-none-eabi/lib/thumb/v7-m\libc_nano.a
LOAD c:/st/stm32cubeide_1.4.0/stm32cubeide/plugins/com.st.stm32cube.ide.mcu.externaltools.gnu-tools-for-stm32.7-2018-q2-update.win32_1.4.0.202007081208/tools/bin/../lib/gcc/arm-none-eabi/7.3.1/../../../../arm-none-eabi/lib/thumb/v7-m\libnosys.a
END GROUP
LOAD c:/st/stm32cubeide_1.4.0/stm32cubeide/plugins/com.st.stm32cube.ide.mcu.externaltools.gnu-tools-for-stm32.7-2018-q2-update.win32_1.4.0.202007081208/tools/bin/../lib/gcc/arm-none-eabi/7.3.1/thumb/v7-m/crtend.o
LOAD c:/st/stm32cubeide_1.4.0/stm32cubeide/plugins/com.st.stm32cube.ide.mcu.externaltools.gnu-tools-for-stm32.7-2018-q2-update.win32_1.4.0.202007081208/tools/bin/../lib/gcc/arm-none-eabi/7.3.1/thumb/v7-m/crtn.o
                0x0000000020005000                _estack = (ORIGIN (RAM) + LENGTH (RAM))
                0x0000000000000200                _Min_Heap_Size = 0x200
                0x0000000000000400                _Min_Stack_Size = 0x400

.isr_vector     0x0000000008000000      0x130
                0x0000000008000000                . = ALIGN (0x4)
 *(.isr_vector)
 .isr_vector    0x0000000008000000      0x130 Startup/startup_stm32f103c8tx.o
                0x0000000008000000                g_pfnVectors
                0x0000000008000130                . = ALIGN (0x4)

.text           0x0000000008000130     0x29e0
                0x0000000008000130                . = ALIGN (0x4)
 *(.text)
 .text          0x0000000008000130       0x40 c:/st/stm32cubeide_1.4.0/stm32cubeide/plugins/com.st.stm32cube.ide.mcu.externaltools.gnu-tools-for-stm32.7-2018-q2-update.win32_1.4.0.202007081208/tools/bin/../lib/gcc/arm-none-eabi/7.3.1/thumb/v7-m/crtbegin.o
 .text          0x0000000008000170       0x4c c:/st/stm32cubeide_1.4.0/stm32cubeide/plugins/com.st.stm32cube.ide.mcu.externaltools.gnu-tools-for-stm32.7-2018-q2-update.win32_1.4.0.202007081208/tools/bin/../lib/gcc/arm-none-eabi/7.3.1/thumb/v7-m\libgcc.a(_arm_fixsfsi.o)
                0x0000000008000170                __aeabi_f2iz
                0x0000000008000170                __fixsfsi
 *(.text*)
 .text.main     0x00000000080001bc      0x1b8 Src/main.o
                0x00000000080001bc                main
 .text.Raspberry_CMDS_CallBack
                0x0000000008000374       0x8c Src/main.o
                0x0000000008000374                Raspberry_CMDS_CallBack
 .text.Led_Alarm
                0x0000000008000400       0x5c Src/main.o
                0x0000000008000400                Led_Alarm
 .text.vUltrasonic_Handler
                0x000000000800045c       0xac Src/main.o
                0x000000000800045c                vUltrasonic_Handler
 .text.vxWheelChair_WhichCommands_Handler
                0x0000000008000508       0x74 Src/main.o
                0x0000000008000508                vxWheelChair_WhichCommands_Handler
 .text.vWheelChair_Forward_Handler
                0x000000000800057c      0x170 Src/main.o
                0x000000000800057c                vWheelChair_Forward_Handler
 .text.vWheelChair_Backward_Handler
                0x00000000080006ec      0x170 Src/main.o
                0x00000000080006ec                vWheelChair_Backward_Handler
 .text.vWheelChair_Stop_Handler
                0x000000000800085c       0xc8 Src/main.o
                0x000000000800085c                vWheelChair_Stop_Handler
 .text.Reset_Handler
                0x0000000008000924       0x50 Startup/startup_stm32f103c8tx.o
                0x0000000008000924                Reset_Handler
 .text.Default_Handler
                0x0000000008000974        0x2 Startup/startup_stm32f103c8tx.o
                0x0000000008000974                TIM8_TRG_COM_IRQHandler
                0x0000000008000974                TIM8_CC_IRQHandler
                0x0000000008000974                DebugMon_Handler
                0x0000000008000974                TIM1_CC_IRQHandler
                0x0000000008000974                HardFault_Handler
                0x0000000008000974                TIM6_IRQHandler
                0x0000000008000974                PVD_IRQHandler
                0x0000000008000974                SDIO_IRQHandler
                0x0000000008000974                NMI_Handler
                0x0000000008000974                USB_HP_CAN_TX_IRQHandler
                0x0000000008000974                I2C2_EV_IRQHandler
                0x0000000008000974                UsageFault_Handler
                0x0000000008000974                ADC1_2_IRQHandler
                0x0000000008000974                SPI1_IRQHandler
                0x0000000008000974                CAN_SCE_IRQHandler
                0x0000000008000974                TAMPER_IRQHandler
                0x0000000008000974                TIM8_UP_IRQHandler
                0x0000000008000974                DMA2_Channel2_IRQHandler
                0x0000000008000974                DMA1_Channel4_IRQHandler
                0x0000000008000974                RTC_IRQHandler
                0x0000000008000974                DMA1_Channel7_IRQHandler
                0x0000000008000974                UART5_IRQHandler
                0x0000000008000974                ADC3_IRQHandler
                0x0000000008000974                TIM4_IRQHandler
                0x0000000008000974                CAN_RX1_IRQHandler
                0x0000000008000974                DMA2_Channel1_IRQHandler
                0x0000000008000974                I2C1_EV_IRQHandler
                0x0000000008000974                DMA1_Channel6_IRQHandler
                0x0000000008000974                UART4_IRQHandler
                0x0000000008000974                TIM3_IRQHandler
                0x0000000008000974                RCC_IRQHandler
                0x0000000008000974                TIM1_TRG_COM_IRQHandler
                0x0000000008000974                DMA1_Channel1_IRQHandler
                0x0000000008000974                Default_Handler
                0x0000000008000974                TIM7_IRQHandler
                0x0000000008000974                TIM5_IRQHandler
                0x0000000008000974                SPI2_IRQHandler
                0x0000000008000974                USB_LP_CAN_RX0_IRQHandler
                0x0000000008000974                MemManage_Handler
                0x0000000008000974                DMA1_Channel5_IRQHandler
                0x0000000008000974                DMA1_Channel3_IRQHandler
                0x0000000008000974                FSMC_IRQHandler
                0x0000000008000974                TIM1_UP_IRQHandler
                0x0000000008000974                WWDG_IRQHandler
                0x0000000008000974                TIM2_IRQHandler
                0x0000000008000974                TIM1_BRK_IRQHandler
                0x0000000008000974                RTCAlarm_IRQHandler
                0x0000000008000974                DMA2_Channel4_5_IRQHandler
                0x0000000008000974                I2C2_ER_IRQHandler
                0x0000000008000974                DMA1_Channel2_IRQHandler
                0x0000000008000974                TIM8_BRK_IRQHandler
                0x0000000008000974                FLASH_IRQHandler
                0x0000000008000974                BusFault_Handler
                0x0000000008000974                SPI3_IRQHandler
                0x0000000008000974                I2C1_ER_IRQHandler
                0x0000000008000974                DMA2_Channel3_IRQHandler
 .text.vListInitialise
                0x0000000008000976       0x3e Third_Party/FreeRTOS/org/Source/list.o
                0x0000000008000976                vListInitialise
 .text.vListInitialiseItem
                0x00000000080009b4       0x18 Third_Party/FreeRTOS/org/Source/list.o
                0x00000000080009b4                vListInitialiseItem
 .text.vListInsertEnd
                0x00000000080009cc       0x46 Third_Party/FreeRTOS/org/Source/list.o
                0x00000000080009cc                vListInsertEnd
 .text.vListInsert
                0x0000000008000a12       0x70 Third_Party/FreeRTOS/org/Source/list.o
                0x0000000008000a12                vListInsert
 .text.uxListRemove
                0x0000000008000a82       0x52 Third_Party/FreeRTOS/org/Source/list.o
                0x0000000008000a82                uxListRemove
 .text.xTaskCreate
                0x0000000008000ad4       0x82 Third_Party/FreeRTOS/org/Source/tasks.o
                0x0000000008000ad4                xTaskCreate
 .text.prvInitialiseNewTask
                0x0000000008000b56       0xf0 Third_Party/FreeRTOS/org/Source/tasks.o
 *fill*         0x0000000008000c46        0x2 
 .text.prvAddNewTaskToReadyList
                0x0000000008000c48      0x124 Third_Party/FreeRTOS/org/Source/tasks.o
 .text.vTaskDelay
                0x0000000008000d6c       0x48 Third_Party/FreeRTOS/org/Source/tasks.o
                0x0000000008000d6c                vTaskDelay
 .text.vTaskSuspend
                0x0000000008000db4      0x11c Third_Party/FreeRTOS/org/Source/tasks.o
                0x0000000008000db4                vTaskSuspend
 .text.prvTaskIsTaskSuspended
                0x0000000008000ed0       0x44 Third_Party/FreeRTOS/org/Source/tasks.o
 .text.vTaskResume
                0x0000000008000f14       0xf0 Third_Party/FreeRTOS/org/Source/tasks.o
                0x0000000008000f14                vTaskResume
 .text.vTaskStartScheduler
                0x0000000008001004       0x74 Third_Party/FreeRTOS/org/Source/tasks.o
                0x0000000008001004                vTaskStartScheduler
 .text.vTaskSuspendAll
                0x0000000008001078       0x1c Third_Party/FreeRTOS/org/Source/tasks.o
                0x0000000008001078                vTaskSuspendAll
 .text.xTaskResumeAll
                0x0000000008001094      0x1d8 Third_Party/FreeRTOS/org/Source/tasks.o
                0x0000000008001094                xTaskResumeAll
 .text.xTaskIncrementTick
                0x000000000800126c      0x20c Third_Party/FreeRTOS/org/Source/tasks.o
                0x000000000800126c                xTaskIncrementTick
 .text.vTaskSwitchContext
                0x0000000008001478       0x8c Third_Party/FreeRTOS/org/Source/tasks.o
                0x0000000008001478                vTaskSwitchContext
 .text.prvIdleTask
                0x0000000008001504       0x30 Third_Party/FreeRTOS/org/Source/tasks.o
 .text.prvInitialiseTaskLists
                0x0000000008001534       0x80 Third_Party/FreeRTOS/org/Source/tasks.o
 .text.prvCheckTasksWaitingTermination
                0x00000000080015b4       0x58 Third_Party/FreeRTOS/org/Source/tasks.o
 .text.prvDeleteTCB
                0x000000000800160c       0x20 Third_Party/FreeRTOS/org/Source/tasks.o
 .text.prvResetNextTaskUnblockTime
                0x000000000800162c       0x34 Third_Party/FreeRTOS/org/Source/tasks.o
 .text.prvAddCurrentTaskToDelayedList
                0x0000000008001660      0x100 Third_Party/FreeRTOS/org/Source/tasks.o
 .text.pxPortInitialiseStack
                0x0000000008001760       0x58 Third_Party/FreeRTOS/org/Source/portable/GCC/ARM_CM3/port.o
                0x0000000008001760                pxPortInitialiseStack
 .text.prvTaskExitError
                0x00000000080017b8       0x2e Third_Party/FreeRTOS/org/Source/portable/GCC/ARM_CM3/port.o
 *fill*         0x00000000080017e6        0xa 
 .text.SVC_Handler
                0x00000000080017f0       0x28 Third_Party/FreeRTOS/org/Source/portable/GCC/ARM_CM3/port.o
                0x00000000080017f0                SVC_Handler
 .text.prvPortStartFirstTask
                0x0000000008001818       0x24 Third_Party/FreeRTOS/org/Source/portable/GCC/ARM_CM3/port.o
 .text.xPortStartScheduler
                0x000000000800183c       0x40 Third_Party/FreeRTOS/org/Source/portable/GCC/ARM_CM3/port.o
                0x000000000800183c                xPortStartScheduler
 .text.vPortEnterCritical
                0x000000000800187c       0x30 Third_Party/FreeRTOS/org/Source/portable/GCC/ARM_CM3/port.o
                0x000000000800187c                vPortEnterCritical
 .text.vPortExitCritical
                0x00000000080018ac       0x30 Third_Party/FreeRTOS/org/Source/portable/GCC/ARM_CM3/port.o
                0x00000000080018ac                vPortExitCritical
 *fill*         0x00000000080018dc        0x4 
 .text.PendSV_Handler
                0x00000000080018e0       0x48 Third_Party/FreeRTOS/org/Source/portable/GCC/ARM_CM3/port.o
                0x00000000080018e0                PendSV_Handler
 .text.SysTick_Handler
                0x0000000008001928       0x40 Third_Party/FreeRTOS/org/Source/portable/GCC/ARM_CM3/port.o
                0x0000000008001928                SysTick_Handler
 .text.vPortSetupTimerInterrupt
                0x0000000008001968       0x34 Third_Party/FreeRTOS/org/Source/portable/GCC/ARM_CM3/port.o
                0x0000000008001968                vPortSetupTimerInterrupt
 .text.pvPortMalloc
                0x000000000800199c      0x15c Third_Party/FreeRTOS/org/Source/portable/MemMang/heap_4.o
                0x000000000800199c                pvPortMalloc
 .text.vPortFree
                0x0000000008001af8       0x80 Third_Party/FreeRTOS/org/Source/portable/MemMang/heap_4.o
                0x0000000008001af8                vPortFree
 .text.prvHeapInit
                0x0000000008001b78       0xc4 Third_Party/FreeRTOS/org/Source/portable/MemMang/heap_4.o
 .text.prvInsertBlockIntoFreeList
                0x0000000008001c3c       0xb0 Third_Party/FreeRTOS/org/Source/portable/MemMang/heap_4.o
 .text.EXTI0_IRQHandler
                0x0000000008001cec       0x24 drivers/EXTI_DRIVER.o
                0x0000000008001cec                EXTI0_IRQHandler
 .text.EXTI1_IRQHandler
                0x0000000008001d10       0x24 drivers/EXTI_DRIVER.o
                0x0000000008001d10                EXTI1_IRQHandler
 .text.EXTI2_IRQHandler
                0x0000000008001d34       0x24 drivers/EXTI_DRIVER.o
                0x0000000008001d34                EXTI2_IRQHandler
 .text.EXTI3_IRQHandler
                0x0000000008001d58       0x24 drivers/EXTI_DRIVER.o
                0x0000000008001d58                EXTI3_IRQHandler
 .text.EXTI4_IRQHandler
                0x0000000008001d7c       0x24 drivers/EXTI_DRIVER.o
                0x0000000008001d7c                EXTI4_IRQHandler
 .text.EXTI9_5_IRQHandler
                0x0000000008001da0       0xa8 drivers/EXTI_DRIVER.o
                0x0000000008001da0                EXTI9_5_IRQHandler
 .text.EXTI15_10_IRQHandler
                0x0000000008001e48       0x1c drivers/EXTI_DRIVER.o
                0x0000000008001e48                EXTI15_10_IRQHandler
 .text.MCAL_UART_INIT
                0x0000000008001e64      0x1cc drivers/STM32F103C6_USART_DRIVERS.o
                0x0000000008001e64                MCAL_UART_INIT
 .text.Which_UART
                0x0000000008002030       0x44 drivers/STM32F103C6_USART_DRIVERS.o
 .text.MCAL_UART_SEND_DATA
                0x0000000008002074       0x3e drivers/STM32F103C6_USART_DRIVERS.o
                0x0000000008002074                MCAL_UART_SEND_DATA
 *fill*         0x00000000080020b2        0x2 
 .text.MCAL_UART_RECEIVE_DATA
                0x00000000080020b4       0x70 drivers/STM32F103C6_USART_DRIVERS.o
                0x00000000080020b4                MCAL_UART_RECEIVE_DATA
 .text.MCAL_UART_GPIO_Set_Pins
                0x0000000008002124      0x1c0 drivers/STM32F103C6_USART_DRIVERS.o
                0x0000000008002124                MCAL_UART_GPIO_Set_Pins
 .text.USART1_IRQHandler
                0x00000000080022e4       0x14 drivers/STM32F103C6_USART_DRIVERS.o
                0x00000000080022e4                USART1_IRQHandler
 .text.USART2_IRQHandler
                0x00000000080022f8       0x14 drivers/STM32F103C6_USART_DRIVERS.o
                0x00000000080022f8                USART2_IRQHandler
 .text.USART3_IRQHandler
                0x000000000800230c       0x14 drivers/STM32F103C6_USART_DRIVERS.o
                0x000000000800230c                USART3_IRQHandler
 .text.Get_CRLH_Postion
                0x0000000008002320       0xc6 drivers/STM32_F103C6_GPIO_DRIVERS.o
                0x0000000008002320                Get_CRLH_Postion
 .text.MCAL_GPIO_Init
                0x00000000080023e6       0xf6 drivers/STM32_F103C6_GPIO_DRIVERS.o
                0x00000000080023e6                MCAL_GPIO_Init
 .text.MCAL_GPIO_WritePin
                0x00000000080024dc       0x3c drivers/STM32_F103C6_GPIO_DRIVERS.o
                0x00000000080024dc                MCAL_GPIO_WritePin
 .text.MCAL_RCC_Get_SYS_CLKFreq
                0x0000000008002518       0x40 drivers/STM32_F103C6_RCC_DRIVERS.o
                0x0000000008002518                MCAL_RCC_Get_SYS_CLKFreq
 .text.MCAL_RCC_Get_HCLK_Freq
                0x0000000008002558       0x28 drivers/STM32_F103C6_RCC_DRIVERS.o
                0x0000000008002558                MCAL_RCC_Get_HCLK_Freq
 .text.MCAL_RCC_Get_PCLK1_Freq
                0x0000000008002580       0x28 drivers/STM32_F103C6_RCC_DRIVERS.o
                0x0000000008002580                MCAL_RCC_Get_PCLK1_Freq
 .text.MCAL_RCC_Get_PCLK2_Freq
                0x00000000080025a8       0x28 drivers/STM32_F103C6_RCC_DRIVERS.o
                0x00000000080025a8                MCAL_RCC_Get_PCLK2_Freq
 .text.Timer2_init
                0x00000000080025d0       0x50 drivers/Timer.o
                0x00000000080025d0                Timer2_init
 .text.dus      0x0000000008002620       0x28 drivers/Timer.o
                0x0000000008002620                dus
 .text.dms      0x0000000008002648       0x30 drivers/Timer.o
                0x0000000008002648                dms
 .text.Timer3_init
                0x0000000008002678       0x44 drivers/Timer.o
                0x0000000008002678                Timer3_init
 .text.Timer1_Init_PWM
                0x00000000080026bc       0xe8 drivers/Timer.o
                0x00000000080026bc                Timer1_Init_PWM
 .text.Timer1_PWM1_Set_Value
                0x00000000080027a4       0x2c drivers/Timer.o
                0x00000000080027a4                Timer1_PWM1_Set_Value
 .text.Timer1_PWM2_Set_Value
                0x00000000080027d0       0x2c drivers/Timer.o
                0x00000000080027d0                Timer1_PWM2_Set_Value
 .text.Buzzer_Init
                0x00000000080027fc       0x34 hal/Buzzer/Buzzer.o
                0x00000000080027fc                Buzzer_Init
 .text.Buzzer_Alarm
                0x0000000008002830       0x40 hal/Buzzer/Buzzer.o
                0x0000000008002830                Buzzer_Alarm
 .text.Motor1_Init
                0x0000000008002870       0x44 hal/DcMotor/DcMotor.o
                0x0000000008002870                Motor1_Init
 .text.Motor1_Forward
                0x00000000080028b4       0x24 hal/DcMotor/DcMotor.o
                0x00000000080028b4                Motor1_Forward
 .text.Motor1_Backward
                0x00000000080028d8       0x24 hal/DcMotor/DcMotor.o
                0x00000000080028d8                Motor1_Backward
 .text.Motor2_Init
                0x00000000080028fc       0x40 hal/DcMotor/DcMotor.o
                0x00000000080028fc                Motor2_Init
 .text.Motor2_Forward
                0x000000000800293c       0x24 hal/DcMotor/DcMotor.o
                0x000000000800293c                Motor2_Forward
 .text.Motor2_Backward
                0x0000000008002960       0x24 hal/DcMotor/DcMotor.o
                0x0000000008002960                Motor2_Backward
 .text.DC_Motor
                0x0000000008002984       0x60 hal/DcMotor/DcMotor.o
                0x0000000008002984                DC_Motor
 .text.WheelChair_Forward
                0x00000000080029e4       0x24 hal/DcMotor/DcMotor.o
                0x00000000080029e4                WheelChair_Forward
 .text.WheelChair_Backward
                0x0000000008002a08       0x24 hal/DcMotor/DcMotor.o
                0x0000000008002a08                WheelChair_Backward
 .text.Ultrasonic_GPIO_Init
                0x0000000008002a2c       0x40 hal/UltrasonicSensor/UltrasonicSensor.o
                0x0000000008002a2c                Ultrasonic_GPIO_Init
 .text.Ultrasonic_Trigger
                0x0000000008002a6c       0x34 hal/UltrasonicSensor/UltrasonicSensor.o
                0x0000000008002a6c                Ultrasonic_Trigger
 .text.__libc_init_array
                0x0000000008002aa0       0x48 c:/st/stm32cubeide_1.4.0/stm32cubeide/plugins/com.st.stm32cube.ide.mcu.externaltools.gnu-tools-for-stm32.7-2018-q2-update.win32_1.4.0.202007081208/tools/bin/../lib/gcc/arm-none-eabi/7.3.1/../../../../arm-none-eabi/lib/thumb/v7-m\libc_nano.a(lib_a-init.o)
                0x0000000008002aa0                __libc_init_array
 .text.memset   0x0000000008002ae8       0x10 c:/st/stm32cubeide_1.4.0/stm32cubeide/plugins/com.st.stm32cube.ide.mcu.externaltools.gnu-tools-for-stm32.7-2018-q2-update.win32_1.4.0.202007081208/tools/bin/../lib/gcc/arm-none-eabi/7.3.1/../../../../arm-none-eabi/lib/thumb/v7-m\libc_nano.a(lib_a-memset.o)
                0x0000000008002ae8                memset
 *(.glue_7)
 .glue_7        0x0000000008002af8        0x0 linker stubs
 *(.glue_7t)
 .glue_7t       0x0000000008002af8        0x0 linker stubs
 *(.eh_frame)
 .eh_frame      0x0000000008002af8        0x0 c:/st/stm32cubeide_1.4.0/stm32cubeide/plugins/com.st.stm32cube.ide.mcu.externaltools.gnu-tools-for-stm32.7-2018-q2-update.win32_1.4.0.202007081208/tools/bin/../lib/gcc/arm-none-eabi/7.3.1/thumb/v7-m/crtbegin.o
 *(.init)
 .init          0x0000000008002af8        0x4 c:/st/stm32cubeide_1.4.0/stm32cubeide/plugins/com.st.stm32cube.ide.mcu.externaltools.gnu-tools-for-stm32.7-2018-q2-update.win32_1.4.0.202007081208/tools/bin/../lib/gcc/arm-none-eabi/7.3.1/thumb/v7-m/crti.o
                0x0000000008002af8                _init
 .init          0x0000000008002afc        0x8 c:/st/stm32cubeide_1.4.0/stm32cubeide/plugins/com.st.stm32cube.ide.mcu.externaltools.gnu-tools-for-stm32.7-2018-q2-update.win32_1.4.0.202007081208/tools/bin/../lib/gcc/arm-none-eabi/7.3.1/thumb/v7-m/crtn.o
 *(.fini)
 .fini          0x0000000008002b04        0x4 c:/st/stm32cubeide_1.4.0/stm32cubeide/plugins/com.st.stm32cube.ide.mcu.externaltools.gnu-tools-for-stm32.7-2018-q2-update.win32_1.4.0.202007081208/tools/bin/../lib/gcc/arm-none-eabi/7.3.1/thumb/v7-m/crti.o
                0x0000000008002b04                _fini
 .fini          0x0000000008002b08        0x8 c:/st/stm32cubeide_1.4.0/stm32cubeide/plugins/com.st.stm32cube.ide.mcu.externaltools.gnu-tools-for-stm32.7-2018-q2-update.win32_1.4.0.202007081208/tools/bin/../lib/gcc/arm-none-eabi/7.3.1/thumb/v7-m/crtn.o
                0x0000000008002b10                . = ALIGN (0x4)
                0x0000000008002b10                _etext = .

.vfp11_veneer   0x0000000008002b10        0x0
 .vfp11_veneer  0x0000000008002b10        0x0 linker stubs

.v4_bx          0x0000000008002b10        0x0
 .v4_bx         0x0000000008002b10        0x0 linker stubs

.iplt           0x0000000008002b10        0x0
 .iplt          0x0000000008002b10        0x0 c:/st/stm32cubeide_1.4.0/stm32cubeide/plugins/com.st.stm32cube.ide.mcu.externaltools.gnu-tools-for-stm32.7-2018-q2-update.win32_1.4.0.202007081208/tools/bin/../lib/gcc/arm-none-eabi/7.3.1/thumb/v7-m/crtbegin.o

.rodata         0x0000000008002b10       0x94
                0x0000000008002b10                . = ALIGN (0x4)
 *(.rodata)
 .rodata        0x0000000008002b10       0x43 Src/main.o
 *fill*         0x0000000008002b53        0x1 
 .rodata        0x0000000008002b54        0x5 Third_Party/FreeRTOS/org/Source/tasks.o
 *(.rodata*)
 *fill*         0x0000000008002b59        0x3 
 .rodata.SPEED_ARRAY
                0x0000000008002b5c       0x30 Src/main.o
                0x0000000008002b5c                SPEED_ARRAY
 .rodata.APBPrescTable
                0x0000000008002b8c        0x8 drivers/STM32_F103C6_RCC_DRIVERS.o
                0x0000000008002b8c                APBPrescTable
 .rodata.AHBPrescTable
                0x0000000008002b94       0x10 drivers/STM32_F103C6_RCC_DRIVERS.o
                0x0000000008002b94                AHBPrescTable
                0x0000000008002ba4                . = ALIGN (0x4)

.rel.dyn        0x0000000008002ba4        0x0
 .rel.iplt      0x0000000008002ba4        0x0 c:/st/stm32cubeide_1.4.0/stm32cubeide/plugins/com.st.stm32cube.ide.mcu.externaltools.gnu-tools-for-stm32.7-2018-q2-update.win32_1.4.0.202007081208/tools/bin/../lib/gcc/arm-none-eabi/7.3.1/thumb/v7-m/crtbegin.o

.ARM.extab      0x0000000008002ba4        0x0
                0x0000000008002ba4                . = ALIGN (0x4)
 *(.ARM.extab* .gnu.linkonce.armextab.*)
                0x0000000008002ba4                . = ALIGN (0x4)

.ARM            0x0000000008002ba4        0x0
                0x0000000008002ba4                . = ALIGN (0x4)
                0x0000000008002ba4                __exidx_start = .
 *(.ARM.exidx*)
                0x0000000008002ba4                __exidx_end = .
                0x0000000008002ba4                . = ALIGN (0x4)

.preinit_array  0x0000000008002ba4        0x0
                0x0000000008002ba4                . = ALIGN (0x4)
                0x0000000008002ba4                PROVIDE (__preinit_array_start = .)
 *(.preinit_array*)
                0x0000000008002ba4                PROVIDE (__preinit_array_end = .)
                0x0000000008002ba4                . = ALIGN (0x4)

.init_array     0x0000000008002ba4        0x4
                0x0000000008002ba4                . = ALIGN (0x4)
                0x0000000008002ba4                PROVIDE (__init_array_start = .)
 *(SORT_BY_NAME(.init_array.*))
 *(.init_array*)
 .init_array    0x0000000008002ba4        0x4 c:/st/stm32cubeide_1.4.0/stm32cubeide/plugins/com.st.stm32cube.ide.mcu.externaltools.gnu-tools-for-stm32.7-2018-q2-update.win32_1.4.0.202007081208/tools/bin/../lib/gcc/arm-none-eabi/7.3.1/thumb/v7-m/crtbegin.o
                0x0000000008002ba8                PROVIDE (__init_array_end = .)
                0x0000000008002ba8                . = ALIGN (0x4)

.fini_array     0x0000000008002ba8        0x4
                0x0000000008002ba8                . = ALIGN (0x4)
                [!provide]                        PROVIDE (__fini_array_start = .)
 *(SORT_BY_NAME(.fini_array.*))
 *(.fini_array*)
 .fini_array    0x0000000008002ba8        0x4 c:/st/stm32cubeide_1.4.0/stm32cubeide/plugins/com.st.stm32cube.ide.mcu.externaltools.gnu-tools-for-stm32.7-2018-q2-update.win32_1.4.0.202007081208/tools/bin/../lib/gcc/arm-none-eabi/7.3.1/thumb/v7-m/crtbegin.o
                [!provide]                        PROVIDE (__fini_array_end = .)
                0x0000000008002bac                . = ALIGN (0x4)
                0x0000000008002bac                _sidata = LOADADDR (.data)

.data           0x0000000020000000        0x8 load address 0x0000000008002bac
                0x0000000020000000                . = ALIGN (0x4)
                0x0000000020000000                _sdata = .
 *(.data)
 *(.data*)
 .data.uxTopUsedPriority
                0x0000000020000000        0x4 Third_Party/FreeRTOS/org/Source/tasks.o
                0x0000000020000000                uxTopUsedPriority
 .data.uxCriticalNesting
                0x0000000020000004        0x4 Third_Party/FreeRTOS/org/Source/portable/GCC/ARM_CM3/port.o
                0x0000000020000008                . = ALIGN (0x4)
                0x0000000020000008                _edata = .

.igot.plt       0x0000000020000008        0x0 load address 0x0000000008002bb4
 .igot.plt      0x0000000020000008        0x0 c:/st/stm32cubeide_1.4.0/stm32cubeide/plugins/com.st.stm32cube.ide.mcu.externaltools.gnu-tools-for-stm32.7-2018-q2-update.win32_1.4.0.202007081208/tools/bin/../lib/gcc/arm-none-eabi/7.3.1/thumb/v7-m/crtbegin.o
                0x0000000020000008                . = ALIGN (0x4)

.bss            0x0000000020000008     0x45e4 load address 0x0000000008002bb4
                0x0000000020000008                _sbss = .
                0x0000000020000008                __bss_start__ = _sbss
 *(.bss)
 .bss           0x0000000020000008       0x1c c:/st/stm32cubeide_1.4.0/stm32cubeide/plugins/com.st.stm32cube.ide.mcu.externaltools.gnu-tools-for-stm32.7-2018-q2-update.win32_1.4.0.202007081208/tools/bin/../lib/gcc/arm-none-eabi/7.3.1/thumb/v7-m/crtbegin.o
 *(.bss*)
 .bss.Raspberry_CMD
                0x0000000020000024        0x2 Src/main.o
                0x0000000020000024                Raspberry_CMD
 *fill*         0x0000000020000026        0x2 
 .bss.g_FRONT_DISTANCE
                0x0000000020000028        0x4 Src/main.o
                0x0000000020000028                g_FRONT_DISTANCE
 .bss.g_CRNT_SPED_INDX
                0x000000002000002c        0x4 Src/main.o
                0x000000002000002c                g_CRNT_SPED_INDX
 .bss.Prevus_Speed_INDEX
                0x0000000020000030        0x4 Src/main.o
                0x0000000020000030                Prevus_Speed_INDEX
 .bss.Prevus_DIR_INDEX
                0x0000000020000034        0x4 Src/main.o
                0x0000000020000034                Prevus_DIR_INDEX
 .bss.xUltrasonicHandle
                0x0000000020000038        0x4 Src/main.o
                0x0000000020000038                xUltrasonicHandle
 .bss.xWheelChair_ForwardHandle
                0x000000002000003c        0x4 Src/main.o
                0x000000002000003c                xWheelChair_ForwardHandle
 .bss.xWheelChair_BackwardHandle
                0x0000000020000040        0x4 Src/main.o
                0x0000000020000040                xWheelChair_BackwardHandle
 .bss.xWheelChair_StopHandle
                0x0000000020000044        0x4 Src/main.o
                0x0000000020000044                xWheelChair_StopHandle
 .bss.xWheelChair_WhichCommands
                0x0000000020000048        0x4 Src/main.o
                0x0000000020000048                xWheelChair_WhichCommands
 .bss.pxCurrentTCB
                0x000000002000004c        0x4 Third_Party/FreeRTOS/org/Source/tasks.o
                0x000000002000004c                pxCurrentTCB
 .bss.pxReadyTasksLists
                0x0000000020000050       0x64 Third_Party/FreeRTOS/org/Source/tasks.o
 .bss.xDelayedTaskList1
                0x00000000200000b4       0x14 Third_Party/FreeRTOS/org/Source/tasks.o
 .bss.xDelayedTaskList2
                0x00000000200000c8       0x14 Third_Party/FreeRTOS/org/Source/tasks.o
 .bss.pxDelayedTaskList
                0x00000000200000dc        0x4 Third_Party/FreeRTOS/org/Source/tasks.o
 .bss.pxOverflowDelayedTaskList
                0x00000000200000e0        0x4 Third_Party/FreeRTOS/org/Source/tasks.o
 .bss.xPendingReadyList
                0x00000000200000e4       0x14 Third_Party/FreeRTOS/org/Source/tasks.o
 .bss.xTasksWaitingTermination
                0x00000000200000f8       0x14 Third_Party/FreeRTOS/org/Source/tasks.o
 .bss.uxDeletedTasksWaitingCleanUp
                0x000000002000010c        0x4 Third_Party/FreeRTOS/org/Source/tasks.o
 .bss.xSuspendedTaskList
                0x0000000020000110       0x14 Third_Party/FreeRTOS/org/Source/tasks.o
 .bss.uxCurrentNumberOfTasks
                0x0000000020000124        0x4 Third_Party/FreeRTOS/org/Source/tasks.o
 .bss.xTickCount
                0x0000000020000128        0x4 Third_Party/FreeRTOS/org/Source/tasks.o
 .bss.uxTopReadyPriority
                0x000000002000012c        0x4 Third_Party/FreeRTOS/org/Source/tasks.o
 .bss.xSchedulerRunning
                0x0000000020000130        0x4 Third_Party/FreeRTOS/org/Source/tasks.o
 .bss.xPendedTicks
                0x0000000020000134        0x4 Third_Party/FreeRTOS/org/Source/tasks.o
 .bss.xYieldPending
                0x0000000020000138        0x4 Third_Party/FreeRTOS/org/Source/tasks.o
 .bss.xNumOfOverflows
                0x000000002000013c        0x4 Third_Party/FreeRTOS/org/Source/tasks.o
 .bss.uxTaskNumber
                0x0000000020000140        0x4 Third_Party/FreeRTOS/org/Source/tasks.o
 .bss.xNextTaskUnblockTime
                0x0000000020000144        0x4 Third_Party/FreeRTOS/org/Source/tasks.o
 .bss.xIdleTaskHandle
                0x0000000020000148        0x4 Third_Party/FreeRTOS/org/Source/tasks.o
 .bss.uxSchedulerSuspended
                0x000000002000014c        0x4 Third_Party/FreeRTOS/org/Source/tasks.o
 .bss.ucHeap    0x0000000020000150     0x4400 Third_Party/FreeRTOS/org/Source/portable/MemMang/heap_4.o
 .bss.xStart    0x0000000020004550        0x8 Third_Party/FreeRTOS/org/Source/portable/MemMang/heap_4.o
 .bss.pxEnd     0x0000000020004558        0x4 Third_Party/FreeRTOS/org/Source/portable/MemMang/heap_4.o
 .bss.xFreeBytesRemaining
                0x000000002000455c        0x4 Third_Party/FreeRTOS/org/Source/portable/MemMang/heap_4.o
 .bss.xMinimumEverFreeBytesRemaining
                0x0000000020004560        0x4 Third_Party/FreeRTOS/org/Source/portable/MemMang/heap_4.o
 .bss.xNumberOfSuccessfulAllocations
                0x0000000020004564        0x4 Third_Party/FreeRTOS/org/Source/portable/MemMang/heap_4.o
 .bss.xNumberOfSuccessfulFrees
                0x0000000020004568        0x4 Third_Party/FreeRTOS/org/Source/portable/MemMang/heap_4.o
 .bss.xBlockAllocatedBit
                0x000000002000456c        0x4 Third_Party/FreeRTOS/org/Source/portable/MemMang/heap_4.o
 *(COMMON)
 COMMON         0x0000000020004570        0x3 Src/main.o
                0x0000000020004570                UART_MESSAGE
 *fill*         0x0000000020004573        0x1 
 COMMON         0x0000000020004574       0x3c drivers/EXTI_DRIVER.o
                0x0000000020004574                GP_IRQ_CALLBACK
 COMMON         0x00000000200045b0       0x3c drivers/STM32F103C6_USART_DRIVERS.o
                0x00000000200045b0                Global_UART_Config
                0x00000000200045ec                . = ALIGN (0x4)
                0x00000000200045ec                _ebss = .
                0x00000000200045ec                __bss_end__ = _ebss

._user_heap_stack
                0x00000000200045ec      0x604 load address 0x0000000008002bb4
                0x00000000200045f0                . = ALIGN (0x8)
 *fill*         0x00000000200045ec        0x4 
                [!provide]                        PROVIDE (end = .)
                0x00000000200045f0                PROVIDE (_end = .)
                0x00000000200047f0                . = (. + _Min_Heap_Size)
 *fill*         0x00000000200045f0      0x200 
                0x0000000020004bf0                . = (. + _Min_Stack_Size)
 *fill*         0x00000000200047f0      0x400 
                0x0000000020004bf0                . = ALIGN (0x8)

/DISCARD/
 libc.a(*)
 libm.a(*)
 libgcc.a(*)

.ARM.attributes
                0x0000000000000000       0x29
 *(.ARM.attributes)
 .ARM.attributes
                0x0000000000000000       0x1d c:/st/stm32cubeide_1.4.0/stm32cubeide/plugins/com.st.stm32cube.ide.mcu.externaltools.gnu-tools-for-stm32.7-2018-q2-update.win32_1.4.0.202007081208/tools/bin/../lib/gcc/arm-none-eabi/7.3.1/thumb/v7-m/crti.o
 .ARM.attributes
                0x000000000000001d       0x2d c:/st/stm32cubeide_1.4.0/stm32cubeide/plugins/com.st.stm32cube.ide.mcu.externaltools.gnu-tools-for-stm32.7-2018-q2-update.win32_1.4.0.202007081208/tools/bin/../lib/gcc/arm-none-eabi/7.3.1/thumb/v7-m/crtbegin.o
 .ARM.attributes
                0x000000000000004a       0x33 Src/main.o
 .ARM.attributes
                0x000000000000007d       0x21 Startup/startup_stm32f103c8tx.o
 .ARM.attributes
                0x000000000000009e       0x33 Third_Party/FreeRTOS/org/Source/list.o
 .ARM.attributes
                0x00000000000000d1       0x33 Third_Party/FreeRTOS/org/Source/tasks.o
 .ARM.attributes
                0x0000000000000104       0x33 Third_Party/FreeRTOS/org/Source/portable/GCC/ARM_CM3/port.o
 .ARM.attributes
                0x0000000000000137       0x33 Third_Party/FreeRTOS/org/Source/portable/MemMang/heap_4.o
 .ARM.attributes
                0x000000000000016a       0x33 drivers/EXTI_DRIVER.o
 .ARM.attributes
                0x000000000000019d       0x33 drivers/STM32F103C6_USART_DRIVERS.o
 .ARM.attributes
                0x00000000000001d0       0x33 drivers/STM32_F103C6_GPIO_DRIVERS.o
 .ARM.attributes
                0x0000000000000203       0x33 drivers/STM32_F103C6_RCC_DRIVERS.o
 .ARM.attributes
                0x0000000000000236       0x33 drivers/Timer.o
 .ARM.attributes
                0x0000000000000269       0x33 hal/Buzzer/Buzzer.o
 .ARM.attributes
                0x000000000000029c       0x33 hal/DcMotor/DcMotor.o
 .ARM.attributes
                0x00000000000002cf       0x33 hal/UltrasonicSensor/UltrasonicSensor.o
 .ARM.attributes
                0x0000000000000302       0x2d c:/st/stm32cubeide_1.4.0/stm32cubeide/plugins/com.st.stm32cube.ide.mcu.externaltools.gnu-tools-for-stm32.7-2018-q2-update.win32_1.4.0.202007081208/tools/bin/../lib/gcc/arm-none-eabi/7.3.1/../../../../arm-none-eabi/lib/thumb/v7-m\libc_nano.a(lib_a-init.o)
 .ARM.attributes
                0x000000000000032f       0x2d c:/st/stm32cubeide_1.4.0/stm32cubeide/plugins/com.st.stm32cube.ide.mcu.externaltools.gnu-tools-for-stm32.7-2018-q2-update.win32_1.4.0.202007081208/tools/bin/../lib/gcc/arm-none-eabi/7.3.1/../../../../arm-none-eabi/lib/thumb/v7-m\libc_nano.a(lib_a-memset.o)
 .ARM.attributes
                0x000000000000035c       0x1d c:/st/stm32cubeide_1.4.0/stm32cubeide/plugins/com.st.stm32cube.ide.mcu.externaltools.gnu-tools-for-stm32.7-2018-q2-update.win32_1.4.0.202007081208/tools/bin/../lib/gcc/arm-none-eabi/7.3.1/thumb/v7-m\libgcc.a(_arm_fixsfsi.o)
 .ARM.attributes
                0x0000000000000379       0x1d c:/st/stm32cubeide_1.4.0/stm32cubeide/plugins/com.st.stm32cube.ide.mcu.externaltools.gnu-tools-for-stm32.7-2018-q2-update.win32_1.4.0.202007081208/tools/bin/../lib/gcc/arm-none-eabi/7.3.1/thumb/v7-m/crtn.o
OUTPUT(F103C8.elf elf32-littlearm)

.debug_info     0x0000000000000000     0xb199
 .debug_info    0x0000000000000000      0xfbb Src/main.o
 .debug_info    0x0000000000000fbb       0x22 Startup/startup_stm32f103c8tx.o
 .debug_info    0x0000000000000fdd      0xbd9 Third_Party/FreeRTOS/org/Source/list.o
 .debug_info    0x0000000000001bb6     0x221a Third_Party/FreeRTOS/org/Source/tasks.o
 .debug_info    0x0000000000003dd0      0x318 Third_Party/FreeRTOS/org/Source/portable/GCC/ARM_CM3/port.o
 .debug_info    0x00000000000040e8      0xd31 Third_Party/FreeRTOS/org/Source/portable/MemMang/heap_4.o
 .debug_info    0x0000000000004e19      0xdbf drivers/EXTI_DRIVER.o
 .debug_info    0x0000000000005bd8      0xe80 drivers/STM32F103C6_USART_DRIVERS.o
 .debug_info    0x0000000000006a58      0xdb3 drivers/STM32_F103C6_GPIO_DRIVERS.o
 .debug_info    0x000000000000780b      0xb25 drivers/STM32_F103C6_RCC_DRIVERS.o
 .debug_info    0x0000000000008330      0xbcb drivers/Timer.o
 .debug_info    0x0000000000008efb      0xacd hal/Buzzer/Buzzer.o
 .debug_info    0x00000000000099c8      0xc47 hal/DcMotor/DcMotor.o
 .debug_info    0x000000000000a60f      0xb8a hal/UltrasonicSensor/UltrasonicSensor.o

.debug_abbrev   0x0000000000000000     0x1b0f
 .debug_abbrev  0x0000000000000000      0x216 Src/main.o
 .debug_abbrev  0x0000000000000216       0x12 Startup/startup_stm32f103c8tx.o
 .debug_abbrev  0x0000000000000228      0x1c2 Third_Party/FreeRTOS/org/Source/list.o
 .debug_abbrev  0x00000000000003ea      0x329 Third_Party/FreeRTOS/org/Source/tasks.o
 .debug_abbrev  0x0000000000000713      0x1e5 Third_Party/FreeRTOS/org/Source/portable/GCC/ARM_CM3/port.o
 .debug_abbrev  0x00000000000008f8      0x230 Third_Party/FreeRTOS/org/Source/portable/MemMang/heap_4.o
 .debug_abbrev  0x0000000000000b28      0x228 drivers/EXTI_DRIVER.o
 .debug_abbrev  0x0000000000000d50      0x280 drivers/STM32F103C6_USART_DRIVERS.o
 .debug_abbrev  0x0000000000000fd0      0x223 drivers/STM32_F103C6_GPIO_DRIVERS.o
 .debug_abbrev  0x00000000000011f3      0x19b drivers/STM32_F103C6_RCC_DRIVERS.o
 .debug_abbrev  0x000000000000138e      0x223 drivers/Timer.o
 .debug_abbrev  0x00000000000015b1      0x1a4 hal/Buzzer/Buzzer.o
 .debug_abbrev  0x0000000000001755      0x1cf hal/DcMotor/DcMotor.o
 .debug_abbrev  0x0000000000001924      0x1eb hal/UltrasonicSensor/UltrasonicSensor.o

.debug_loc      0x0000000000000000     0x2898
 .debug_loc     0x0000000000000000      0x23c Src/main.o
 .debug_loc     0x000000000000023c      0x1cc Third_Party/FreeRTOS/org/Source/list.o
 .debug_loc     0x0000000000000408      0xeac Third_Party/FreeRTOS/org/Source/tasks.o
 .debug_loc     0x00000000000012b4      0x274 Third_Party/FreeRTOS/org/Source/portable/GCC/ARM_CM3/port.o
 .debug_loc     0x0000000000001528      0x274 Third_Party/FreeRTOS/org/Source/portable/MemMang/heap_4.o
 .debug_loc     0x000000000000179c      0x338 drivers/EXTI_DRIVER.o
 .debug_loc     0x0000000000001ad4      0x2d8 drivers/STM32F103C6_USART_DRIVERS.o
 .debug_loc     0x0000000000001dac      0x38c drivers/STM32_F103C6_GPIO_DRIVERS.o
 .debug_loc     0x0000000000002138       0xc8 drivers/STM32_F103C6_RCC_DRIVERS.o
 .debug_loc     0x0000000000002200      0x23c drivers/Timer.o
 .debug_loc     0x000000000000243c       0xa0 hal/Buzzer/Buzzer.o
 .debug_loc     0x00000000000024dc      0x2c4 hal/DcMotor/DcMotor.o
 .debug_loc     0x00000000000027a0       0xf8 hal/UltrasonicSensor/UltrasonicSensor.o

.debug_aranges  0x0000000000000000      0x5d0
 .debug_aranges
                0x0000000000000000       0x68 Src/main.o
 .debug_aranges
                0x0000000000000068       0x28 Startup/startup_stm32f103c8tx.o
 .debug_aranges
                0x0000000000000090       0x40 Third_Party/FreeRTOS/org/Source/list.o
 .debug_aranges
                0x00000000000000d0      0x188 Third_Party/FreeRTOS/org/Source/tasks.o
 .debug_aranges
                0x0000000000000258       0x70 Third_Party/FreeRTOS/org/Source/portable/GCC/ARM_CM3/port.o
 .debug_aranges
                0x00000000000002c8       0x58 Third_Party/FreeRTOS/org/Source/portable/MemMang/heap_4.o
 .debug_aranges
                0x0000000000000320       0x80 drivers/EXTI_DRIVER.o
 .debug_aranges
                0x00000000000003a0       0x68 drivers/STM32F103C6_USART_DRIVERS.o
 .debug_aranges
                0x0000000000000408       0x68 drivers/STM32_F103C6_GPIO_DRIVERS.o
 .debug_aranges
                0x0000000000000470       0x38 drivers/STM32_F103C6_RCC_DRIVERS.o
 .debug_aranges
                0x00000000000004a8       0x50 drivers/Timer.o
 .debug_aranges
                0x00000000000004f8       0x28 hal/Buzzer/Buzzer.o
 .debug_aranges
                0x0000000000000520       0x78 hal/DcMotor/DcMotor.o
 .debug_aranges
                0x0000000000000598       0x38 hal/UltrasonicSensor/UltrasonicSensor.o

.debug_ranges   0x0000000000000000      0x4f8
 .debug_ranges  0x0000000000000000       0x58 Src/main.o
 .debug_ranges  0x0000000000000058       0x20 Startup/startup_stm32f103c8tx.o
 .debug_ranges  0x0000000000000078       0x30 Third_Party/FreeRTOS/org/Source/list.o
 .debug_ranges  0x00000000000000a8      0x178 Third_Party/FreeRTOS/org/Source/tasks.o
 .debug_ranges  0x0000000000000220       0x60 Third_Party/FreeRTOS/org/Source/portable/GCC/ARM_CM3/port.o
 .debug_ranges  0x0000000000000280       0x48 Third_Party/FreeRTOS/org/Source/portable/MemMang/heap_4.o
 .debug_ranges  0x00000000000002c8       0x70 drivers/EXTI_DRIVER.o
 .debug_ranges  0x0000000000000338       0x58 drivers/STM32F103C6_USART_DRIVERS.o
 .debug_ranges  0x0000000000000390       0x58 drivers/STM32_F103C6_GPIO_DRIVERS.o
 .debug_ranges  0x00000000000003e8       0x28 drivers/STM32_F103C6_RCC_DRIVERS.o
 .debug_ranges  0x0000000000000410       0x40 drivers/Timer.o
 .debug_ranges  0x0000000000000450       0x18 hal/Buzzer/Buzzer.o
 .debug_ranges  0x0000000000000468       0x68 hal/DcMotor/DcMotor.o
 .debug_ranges  0x00000000000004d0       0x28 hal/UltrasonicSensor/UltrasonicSensor.o

.debug_macro    0x0000000000000000     0x438c
 .debug_macro   0x0000000000000000      0x2ae Src/main.o
 .debug_macro   0x00000000000002ae      0xa60 Src/main.o
 .debug_macro   0x0000000000000d0e       0x18 Src/main.o
 .debug_macro   0x0000000000000d26       0x22 Src/main.o
 .debug_macro   0x0000000000000d48       0x40 Src/main.o
 .debug_macro   0x0000000000000d88       0x94 Src/main.o
 .debug_macro   0x0000000000000e1c       0x3c Src/main.o
 .debug_macro   0x0000000000000e58       0x34 Src/main.o
 .debug_macro   0x0000000000000e8c       0x16 Src/main.o
 .debug_macro   0x0000000000000ea2      0x10e Src/main.o
 .debug_macro   0x0000000000000fb0       0x8d Src/main.o
 .debug_macro   0x000000000000103d       0x57 Src/main.o
 .debug_macro   0x0000000000001094       0x52 Src/main.o
 .debug_macro   0x00000000000010e6       0x1f Src/main.o
 .debug_macro   0x0000000000001105       0x43 Src/main.o
 .debug_macro   0x0000000000001148       0x20 Src/main.o
 .debug_macro   0x0000000000001168      0x1a3 Src/main.o
 .debug_macro   0x000000000000130b      0x330 Src/main.o
 .debug_macro   0x000000000000163b       0x16 Src/main.o
 .debug_macro   0x0000000000001651       0x29 Src/main.o
 .debug_macro   0x000000000000167a       0xef Src/main.o
 .debug_macro   0x0000000000001769       0x6a Src/main.o
 .debug_macro   0x00000000000017d3      0x1df Src/main.o
 .debug_macro   0x00000000000019b2      0x6aa Src/main.o
 .debug_macro   0x000000000000205c       0xd0 Src/main.o
 .debug_macro   0x000000000000212c       0xfa Src/main.o
 .debug_macro   0x0000000000002226       0x10 Src/main.o
 .debug_macro   0x0000000000002236       0x22 Src/main.o
 .debug_macro   0x0000000000002258       0x1c Src/main.o
 .debug_macro   0x0000000000002274       0x10 Src/main.o
 .debug_macro   0x0000000000002284       0xe2 Src/main.o
 .debug_macro   0x0000000000002366       0x22 Src/main.o
 .debug_macro   0x0000000000002388       0x10 Src/main.o
 .debug_macro   0x0000000000002398       0x16 Src/main.o
 .debug_macro   0x00000000000023ae       0x35 Src/main.o
 .debug_macro   0x00000000000023e3       0x20 Src/main.o
 .debug_macro   0x0000000000002403       0xb2 Src/main.o
 .debug_macro   0x00000000000024b5      0x15a Src/main.o
 .debug_macro   0x000000000000260f       0xe3 Src/main.o
 .debug_macro   0x00000000000026f2       0x28 Src/main.o
 .debug_macro   0x000000000000271a       0x1f Src/main.o
 .debug_macro   0x0000000000002739       0x12 Src/main.o
 .debug_macro   0x000000000000274b      0x566 Src/main.o
 .debug_macro   0x0000000000002cb1       0xc3 Src/main.o
 .debug_macro   0x0000000000002d74      0x120 Src/main.o
 .debug_macro   0x0000000000002e94      0x18b Third_Party/FreeRTOS/org/Source/list.o
 .debug_macro   0x000000000000301f      0x271 Third_Party/FreeRTOS/org/Source/tasks.o
 .debug_macro   0x0000000000003290       0x10 Third_Party/FreeRTOS/org/Source/tasks.o
 .debug_macro   0x00000000000032a0      0x177 Third_Party/FreeRTOS/org/Source/portable/GCC/ARM_CM3/port.o
 .debug_macro   0x0000000000003417      0x1a6 Third_Party/FreeRTOS/org/Source/portable/MemMang/heap_4.o
 .debug_macro   0x00000000000035bd      0x158 drivers/EXTI_DRIVER.o
 .debug_macro   0x0000000000003715      0x223 drivers/EXTI_DRIVER.o
 .debug_macro   0x0000000000003938      0x151 drivers/STM32F103C6_USART_DRIVERS.o
 .debug_macro   0x0000000000003a89       0xd6 drivers/STM32F103C6_USART_DRIVERS.o
 .debug_macro   0x0000000000003b5f      0x13f drivers/STM32_F103C6_GPIO_DRIVERS.o
 .debug_macro   0x0000000000003c9e      0x153 drivers/STM32_F103C6_RCC_DRIVERS.o
 .debug_macro   0x0000000000003df1      0x148 drivers/Timer.o
 .debug_macro   0x0000000000003f39      0x15b hal/Buzzer/Buzzer.o
 .debug_macro   0x0000000000004094      0x165 hal/DcMotor/DcMotor.o
 .debug_macro   0x00000000000041f9       0x1c hal/DcMotor/DcMotor.o
 .debug_macro   0x0000000000004215      0x177 hal/UltrasonicSensor/UltrasonicSensor.o

.debug_line     0x0000000000000000     0x60c1
 .debug_line    0x0000000000000000      0x9e4 Src/main.o
 .debug_line    0x00000000000009e4       0x84 Startup/startup_stm32f103c8tx.o
 .debug_line    0x0000000000000a68      0x6e2 Third_Party/FreeRTOS/org/Source/list.o
 .debug_line    0x000000000000114a      0xefb Third_Party/FreeRTOS/org/Source/tasks.o
 .debug_line    0x0000000000002045      0x65d Third_Party/FreeRTOS/org/Source/portable/GCC/ARM_CM3/port.o
 .debug_line    0x00000000000026a2      0x7a4 Third_Party/FreeRTOS/org/Source/portable/MemMang/heap_4.o
 .debug_line    0x0000000000002e46      0x6de drivers/EXTI_DRIVER.o
 .debug_line    0x0000000000003524      0x70b drivers/STM32F103C6_USART_DRIVERS.o
 .debug_line    0x0000000000003c2f      0x676 drivers/STM32_F103C6_GPIO_DRIVERS.o
 .debug_line    0x00000000000042a5      0x5bd drivers/STM32_F103C6_RCC_DRIVERS.o
 .debug_line    0x0000000000004862      0x5f7 drivers/Timer.o
 .debug_line    0x0000000000004e59      0x5b9 hal/Buzzer/Buzzer.o
 .debug_line    0x0000000000005412      0x688 hal/DcMotor/DcMotor.o
 .debug_line    0x0000000000005a9a      0x627 hal/UltrasonicSensor/UltrasonicSensor.o

.debug_str      0x0000000000000000    0x13348
 .debug_str     0x0000000000000000     0xf457 Src/main.o
                                       0xf6dd (size before relaxing)
 .debug_str     0x000000000000f457       0x31 Startup/startup_stm32f103c8tx.o
                                         0x6a (size before relaxing)
 .debug_str     0x000000000000f488      0x189 Third_Party/FreeRTOS/org/Source/list.o
                                       0xac65 (size before relaxing)
 .debug_str     0x000000000000f611     0x1990 Third_Party/FreeRTOS/org/Source/tasks.o
                                       0xd8c5 (size before relaxing)
 .debug_str     0x0000000000010fa1      0x613 Third_Party/FreeRTOS/org/Source/portable/GCC/ARM_CM3/port.o
                                       0x93bb (size before relaxing)
 .debug_str     0x00000000000115b4      0x325 Third_Party/FreeRTOS/org/Source/portable/MemMang/heap_4.o
                                       0xc0c0 (size before relaxing)
 .debug_str     0x00000000000118d9     0x153b drivers/EXTI_DRIVER.o
                                       0xaa6b (size before relaxing)
 .debug_str     0x0000000000012e14      0x117 drivers/STM32F103C6_USART_DRIVERS.o
                                       0x9df2 (size before relaxing)
 .debug_str     0x0000000000012f2b      0x134 drivers/STM32_F103C6_GPIO_DRIVERS.o
                                       0x96ab (size before relaxing)
 .debug_str     0x000000000001305f       0xa2 drivers/STM32_F103C6_RCC_DRIVERS.o
                                       0x95cf (size before relaxing)
 .debug_str     0x0000000000013101       0x71 drivers/Timer.o
                                       0x9c48 (size before relaxing)
 .debug_str     0x0000000000013172       0x38 hal/Buzzer/Buzzer.o
                                       0x95e1 (size before relaxing)
 .debug_str     0x00000000000131aa       0xe9 hal/DcMotor/DcMotor.o
                                       0x9d06 (size before relaxing)
 .debug_str     0x0000000000013293       0xb5 hal/UltrasonicSensor/UltrasonicSensor.o
                                       0x9d79 (size before relaxing)

.comment        0x0000000000000000       0x7b
 .comment       0x0000000000000000       0x7b Src/main.o
                                         0x7c (size before relaxing)
 .comment       0x000000000000007b       0x7c Third_Party/FreeRTOS/org/Source/list.o
 .comment       0x000000000000007b       0x7c Third_Party/FreeRTOS/org/Source/tasks.o
 .comment       0x000000000000007b       0x7c Third_Party/FreeRTOS/org/Source/portable/GCC/ARM_CM3/port.o
 .comment       0x000000000000007b       0x7c Third_Party/FreeRTOS/org/Source/portable/MemMang/heap_4.o
 .comment       0x000000000000007b       0x7c drivers/EXTI_DRIVER.o
 .comment       0x000000000000007b       0x7c drivers/STM32F103C6_USART_DRIVERS.o
 .comment       0x000000000000007b       0x7c drivers/STM32_F103C6_GPIO_DRIVERS.o
 .comment       0x000000000000007b       0x7c drivers/STM32_F103C6_RCC_DRIVERS.o
 .comment       0x000000000000007b       0x7c drivers/Timer.o
 .comment       0x000000000000007b       0x7c hal/Buzzer/Buzzer.o
 .comment       0x000000000000007b       0x7c hal/DcMotor/DcMotor.o
 .comment       0x000000000000007b       0x7c hal/UltrasonicSensor/UltrasonicSensor.o

.debug_frame    0x0000000000000000     0x1490
 .debug_frame   0x0000000000000000      0x150 Src/main.o
 .debug_frame   0x0000000000000150       0xd8 Third_Party/FreeRTOS/org/Source/list.o
 .debug_frame   0x0000000000000228      0x6a4 Third_Party/FreeRTOS/org/Source/tasks.o
 .debug_frame   0x00000000000008cc      0x160 Third_Party/FreeRTOS/org/Source/portable/GCC/ARM_CM3/port.o
 .debug_frame   0x0000000000000a2c      0x12c Third_Party/FreeRTOS/org/Source/portable/MemMang/heap_4.o
 .debug_frame   0x0000000000000b58      0x1b4 drivers/EXTI_DRIVER.o
 .debug_frame   0x0000000000000d0c      0x170 drivers/STM32F103C6_USART_DRIVERS.o
 .debug_frame   0x0000000000000e7c      0x1a0 drivers/STM32_F103C6_GPIO_DRIVERS.o
 .debug_frame   0x000000000000101c       0x84 drivers/STM32_F103C6_RCC_DRIVERS.o
 .debug_frame   0x00000000000010a0      0x110 drivers/Timer.o
 .debug_frame   0x00000000000011b0       0x58 hal/Buzzer/Buzzer.o
 .debug_frame   0x0000000000001208      0x188 hal/DcMotor/DcMotor.o
 .debug_frame   0x0000000000001390       0x90 hal/UltrasonicSensor/UltrasonicSensor.o
 .debug_frame   0x0000000000001420       0x2c c:/st/stm32cubeide_1.4.0/stm32cubeide/plugins/com.st.stm32cube.ide.mcu.externaltools.gnu-tools-for-stm32.7-2018-q2-update.win32_1.4.0.202007081208/tools/bin/../lib/gcc/arm-none-eabi/7.3.1/../../../../arm-none-eabi/lib/thumb/v7-m\libc_nano.a(lib_a-init.o)
 .debug_frame   0x000000000000144c       0x20 c:/st/stm32cubeide_1.4.0/stm32cubeide/plugins/com.st.stm32cube.ide.mcu.externaltools.gnu-tools-for-stm32.7-2018-q2-update.win32_1.4.0.202007081208/tools/bin/../lib/gcc/arm-none-eabi/7.3.1/../../../../arm-none-eabi/lib/thumb/v7-m\libc_nano.a(lib_a-memset.o)
 .debug_frame   0x000000000000146c       0x24 c:/st/stm32cubeide_1.4.0/stm32cubeide/plugins/com.st.stm32cube.ide.mcu.externaltools.gnu-tools-for-stm32.7-2018-q2-update.win32_1.4.0.202007081208/tools/bin/../lib/gcc/arm-none-eabi/7.3.1/thumb/v7-m\libgcc.a(_arm_fixsfsi.o)
